0 verbose cli C:\Users\croeschberger\OneDrive - Enphase Energy\Documents\node-v24.19.0-win-x64\node.exe C:\Users\croeschberger\OneDrive - Enphase Energy\Documents\node-v24.19.0-win-x64\node_modules\npm\bin\npm-cli.js
1 info using npm@11.17.0
2 info using node@v24.19.0
3 silly config load:file:C:\Users\croeschberger\OneDrive - Enphase Energy\Documents\node-v24.19.0-win-x64\node_modules\npm\npmrc
4 silly config load:file:C:\EnQuoteBuild\.npmrc
5 silly config load:file:C:\Users\croeschberger\.npmrc
6 silly config load:file:C:\Users\croeschberger\OneDrive - Enphase Energy\Documents\node-v24.19.0-win-x64\etc\npmrc
7 verbose title npm exec electron .
8 verbose argv "exec" "--" "electron" "."
9 verbose logfile logs-max:10 dir:C:\EnQuoteBuild\.run-localappdata\npm-cache\_logs\2026-09-01T21_38_59_620Z-
10 verbose logfile C:\EnQuoteBuild\.run-localappdata\npm-cache\_logs\2026-09-01T21_38_59_620Z-debug-0.log
11 silly logfile done cleaning log files
12 http fetch GET 200 https://registry.npmjs.org/npm 840ms
13 verbose cwd C:\EnQuoteBuild
14 verbose os Windows_NT 10.0.26200
15 verbose node v24.19.0
16 verbose npm  v11.17.0
17 notice
17 notice New major version of npm available! 11.17.0 -> 12.0.2
17 notice Changelog: https://github.com/npm/cli/releases/tag/v12.0.2
17 notice To update run: npm install -g npm@12.0.2
17 notice  { force: true, Symbol(proc-log.meta): true }
18 verbose exit -1
19 verbose code -1
